// Jest Snapshot v1, https://goo.gl/fbAQLP

exports[`Item component renders snapshot correctly 1`] = `
<View
  accessibilityComponentType={undefined}
  accessibilityLabel={undefined}
  accessibilityTraits={undefined}
  accessible={true}
  hasTVPreferredFocus={undefined}
  hitSlop={undefined}
  isTVSelectable={true}
  nativeID={undefined}
  onLayout={undefined}
  onResponderGrant={[Function]}
  onResponderMove={[Function]}
  onResponderRelease={[Function]}
  onResponderTerminate={[Function]}
  onResponderTerminationRequest={[Function]}
  onStartShouldSetResponder={[Function]}
  style={
    Array [
      Object {
        "backgroundColor": "transparent",
      },
      Object {
        "backgroundColor": "#fff",
        "elevation": 3,
        "marginBottom": 10,
        "padding": 15,
        "shadowColor": "#000",
        "shadowOffset": Object {
          "height": 0.1,
          "width": 1,
        },
        "shadowOpacity": 0.3,
      },
    ]
  }
  testID={undefined}
  tvParallaxProperties={undefined}
>
  <View>
    <Image
      source={
        Object {
          "uri": "image.jpg",
        }
      }
      style={
        Object {
          "height": 150,
          "marginBottom": 10,
          "resizeMode": "cover",
          "width": "100%",
        }
      }
    />
    <Text
      accessible={true}
      allowFontScaling={true}
      ellipsizeMode="tail"
      style={
        Object {
          "color": "#333",
          "fontSize": 20,
          "marginBottom": 5,
        }
      }
    >
      Product name
    </Text>
    <Text
      accessible={true}
      allowFontScaling={true}
      ellipsizeMode="tail"
      style={
        Object {
          "color": "#782698",
          "fontSize": 16,
          "fontWeight": "bold",
          "marginBottom": 10,
        }
      }
    >
      $
      10
    </Text>
    <Text
      accessible={true}
      allowFontScaling={true}
      ellipsizeMode="tail"
      style={
        Object {
          "color": "#333",
          "fontSize": 14,
        }
      }
    >
      Description
    </Text>
  </View>
</View>
`;
